 argument  1 = /home/marat/codes/nwchem-6.6-old/QA/tests/rism_CH3CO2/rism_CH3CO2.nw
 


============================== echo of input deck ==============================
echo
start h2o

memory global 40 mb stack 23 mb heap 5 mb

rism
 closure kh
 tol 0.1e-6
 temp 298
 vdw rule arithmetic parameters vdw.par
 solute configuration solute2.data
 #solvent model solvent3.data rdf full.data
 ngrid 4096
end
task energy rism

================================================================================


                                         
                                         
 
 
              Northwest Computational Chemistry Package (NWChem) 6.6
              ------------------------------------------------------
 
 
                    Environmental Molecular Sciences Laboratory
                       Pacific Northwest National Laboratory
                                Richland, WA 99352
 
                              Copyright (c) 1994-2015
                       Pacific Northwest National Laboratory
                            Battelle Memorial Institute
 
             NWChem is an open-source computational chemistry package
                        distributed under the terms of the
                      Educational Community License (ECL) 2.0
             A copy of the license is included with this distribution
                              in the LICENSE.TXT file
 
                                  ACKNOWLEDGMENT
                                  --------------

            This software and its documentation were developed at the
            EMSL at Pacific Northwest National Laboratory, a multiprogram
            national laboratory, operated for the U.S. Department of Energy
            by Battelle under Contract Number DE-AC05-76RL01830. Support
            for this work was provided by the Department of Energy Office
            of Biological and Environmental Research, Office of Basic
            Energy Sciences, and the Office of Advanced Scientific Computing.


           Job information
           ---------------

    hostname        = g0
    program         = /home/marat/codes/nwchem-6.6-old/bin/LINUX64/nwchem
    date            = Mon Oct 19 13:56:49 2015

    compiled        = Mon_Oct_19_13:52:21_2015
    source          = /home/marat/codes/nwchem-6.6
    nwchem branch   = 6.6
    nwchem revision = 27722
    ga revision     = 10594
    input           = /home/marat/codes/nwchem-6.6-old/QA/tests/rism_CH3CO2/rism_CH3CO2.nw
    prefix          = h2o.
    data base       = ./h2o.db
    status          = startup
    nproc           =        2
    time left       =    838s



           Memory information
           ------------------

    heap     =     655358 doubles =      5.0 Mbytes
    stack    =    3014651 doubles =     23.0 Mbytes
    global   =    5242880 doubles =     40.0 Mbytes (distinct from heap & stack)
    total    =    8912889 doubles =     68.0 Mbytes
    verify   = yes
    hardfail = no 


           Directory information
           ---------------------
 
  0 permanent = .
  0 scratch   = .
 
 
 
 
                                NWChem Input Module
                                -------------------
 
 
 ****************************************************
 *   NWChem 1D-RISM Module                          *
 *                                                  *
 *   Marat Valiev and Gennady N. Chuev 2011         *
 ****************************************************
                  1D-RISM Calculation Parameters
                  ------------------------------
Number of grid points           4096
Closure type                    kh              
VDW combination rule            arithmetic      
Solvent permittivity             1.000    
Coulomb decay length             1.000    
Convergence tolerance           0.1000E-06
Mixing parameter                 0.000    
Temperature                      298.0    
Diis iterations                    9
Solvent rdf file                /home/marat/codes/nwchem-6.6/src/rism/data/water.rdf                    
Solute configuration file       solute2.data                                                            
                       Solute configuration
                       --------------------
name type       x           y           z           sigma       eps         charge
O1   O1        -1.092111    0.733461    1.237573    2.960000    0.879200   -1.104415
O2   O2         0.758765   -0.201687    0.473908    2.960000    0.879200   -1.043019
C1   C1        -0.212954    1.568653   -0.833617    3.400000    0.458000   -0.474263
C2   C2        -0.174205    0.630432    0.357135    3.400000    0.360100    1.276672
H1   H1         0.360636    1.160405   -1.668859    2.115000    0.065700    0.102898
H2   H2         0.242419    2.521128   -0.531952    2.115000    0.065700    0.118979
H3   H3        -1.243967    1.772778   -1.139547    2.115000    0.065700    0.123148
 starting iterations
                     2                     2   3.38479040277052     
                     3                     3   1.63741674940929     
                     4                     4   1.67581332560558     
                     5                     5   1.77597766396322     
                     6                     6   2.33432772674523     
                     7                     7   3.16988590063466     
                     8                     8   4.48761553034887     
                     9                     9   6.48621172945466     
                    10                     9   9.70371840817545     
                    11                     9  0.172501872389119     
                    12                     9  0.172511800989731     
                    13                     9  0.181482084191434     
                    14                     9  0.198077835795926     
                    15                     9  0.212615971155949     
                    16                     9  0.114134201069041     
                    17                     9  9.710783770636203E-002
                    18                     9  7.886899660734983E-002
                    19                     9  5.222429212157911E-002
                    20                     9  4.285067742906525E-002
                    21                     9  3.602621634011986E-002
                    22                     9  2.772252458369467E-002
                    23                     9  2.233127676315881E-002
                    24                     9  2.053519789391258E-002
                    25                     9  2.169915869836499E-002
                    26                     9  1.978108881174736E-002
                    27                     9  2.093293283601881E-002
                    28                     9  1.984023964124453E-002
                    29                     9  1.975072818229674E-002
                    30                     9  2.028509276703601E-002
                    31                     9  2.003051617778324E-002
                    32                     9  1.991948634344883E-002
                    33                     9  1.979216500342477E-002
                    34                     9  1.873088873665684E-002
                    35                     9  1.523978828786393E-002
                    36                     9  2.090510932086220E-002
                    37                     9  1.975650701399620E-002
                    38                     9  1.659780258328956E-002
                    39                     9  1.308323343918002E-002
                    40                     9  9.130636386932667E-003
                    41                     9  8.181813201889408E-003
                    42                     9  7.094806508376514E-003
                    43                     9  6.957719249819918E-003
                    44                     9  6.954540539171122E-003
                    45                     9  6.711456352332207E-003
                    46                     9  7.014784502200857E-003
                    47                     9  7.018328562840254E-003
                    48                     9  7.006915304865826E-003
                    49                     9  6.535007794573061E-003
                    50                     9  6.773060561857455E-003
                    51                     9  6.444653614697273E-003
                    52                     9  5.501651159379834E-003
                    53                     9  4.855151796844577E-003
                    54                     9  4.623509108757367E-003
                    55                     9  4.376404082766583E-003
                    56                     9  4.346058293586020E-003
                    57                     9  4.158042627240672E-003
                    58                     9  5.398276633347221E-003
                    59                     9  4.990824603342421E-003
                    60                     9  5.277787126281413E-003
                    61                     9  5.139575350452264E-003
                    62                     9  5.050868884366823E-003
                    63                     9  4.827147164918840E-003
                    64                     9  4.940677115007738E-003
                    65                     9  4.958512513978974E-003
                    66                     9  4.771503899616943E-003
                    67                     9  4.428966175096135E-003
                    68                     9  4.474042192496181E-003
                    69                     9  4.009799543661025E-003
                    70                     9  3.947575848852129E-003
                    71                     9  3.773039274038563E-003
                    72                     9  4.143701657199274E-003
                    73                     9  4.066294548426312E-003
                    74                     9  4.048929058587000E-003
                    75                     9  3.996741689532886E-003
                    76                     9  4.186537810222622E-003
                    77                     9  4.163824325502752E-003
                    78                     9  4.227620614876506E-003
                    79                     9  4.261082472686570E-003
                    80                     9  4.153807091630838E-003
                    81                     9  3.860540085439704E-003
                    82                     9  4.517687608938094E-003
                    83                     9  4.255945861413556E-003
                    84                     9  4.268926968182356E-003
                    85                     9  4.020661743743531E-003
                    86                     9  4.000409194734904E-003
                    87                     9  3.771105393873573E-003
                    88                     9  4.502075431881697E-003
                    89                     9  3.691191384852816E-003
                    90                     9  4.170599651488130E-003
                    91                     9  3.810102999195097E-003
                    92                     9  3.583571515623400E-003
                    93                     9  3.568463405839533E-003
                    94                     9  3.659114159167046E-003
                    95                     9  3.015344845128396E-003
                    96                     9  2.993217728941269E-003
                    97                     9  3.027824345462145E-003
                    98                     9  3.128836221604974E-003
                    99                     9  2.898199603167451E-003
                   100                     9  2.507265195578837E-003
                   101                     9  2.730638697179560E-003
                   102                     9  2.847507692800790E-003
                   103                     9  2.782291997471518E-003
                   104                     9  2.691826204766538E-003
                   105                     9  2.659138321611268E-003
                   106                     9  2.689850516347942E-003
                   107                     9  2.697872408593469E-003
                   108                     9  2.690212260748615E-003
                   109                     9  2.954704301773937E-003
                   110                     9  2.680405202169067E-003
                   111                     9  2.940475280974538E-003
                   112                     9  2.858365370384921E-003
                   113                     9  2.859266597545265E-003
                   114                     9  3.115493252102421E-003
                   115                     9  2.828736595505437E-003
                   116                     9  2.812304936210582E-003
                   117                     9  2.714994613149624E-003
                   118                     9  2.586693159178044E-003
                   119                     9  2.510078542532027E-003
                   120                     9  2.340595504288437E-003
                   121                     9  2.418364220223450E-003
                   122                     9  2.405284323005772E-003
                   123                     9  2.366457433122162E-003
                   124                     9  2.612776105535473E-003
                   125                     9  2.631334767771683E-003
                   126                     9  2.664957580791182E-003
                   127                     9  2.546175561212012E-003
                   128                     9  2.509134513704727E-003
                   129                     9  2.574359387386823E-003
                   130                     9  2.531210139049589E-003
                   131                     9  2.228716453077784E-003
                   132                     9  2.204364526247328E-003
                   133                     9  1.934816809293734E-003
                   134                     9  2.193434678760381E-003
                   135                     9  2.442987313058551E-003
                   136                     9  2.301935249085147E-003
                   137                     9  1.716067515242340E-003
                   138                     9  1.464252602386434E-003
                   139                     9  1.210909430171436E-003
                   140                     9  9.277482061771863E-004
                   141                     9  6.745263850733167E-004
                   142                     9  6.448167137951333E-004
                   143                     9  5.970956150674784E-004
                   144                     9  5.288415097634224E-004
                   145                     9  4.930959581049387E-004
                   146                     9  5.294431729565705E-004
                   147                     9  5.138505301269739E-004
                   148                     9  5.388557161574815E-004
                   149                     9  5.224189177770605E-004
                   150                     9  4.625083550338792E-004
                   151                     9  4.709325125382352E-004
                   152                     9  4.722558443303958E-004
                   153                     9  4.528240559017531E-004
                   154                     9  4.629855774107467E-004
                   155                     9  3.985810917522356E-004
                   156                     9  4.275552408484869E-004
                   157                     9  3.731484117868829E-004
                   158                     9  2.874838161838446E-004
                   159                     9  1.630149115457504E-004
                   160                     9  1.505694914133456E-004
                   161                     9  1.280911891335314E-004
                   162                     9  1.057882322064502E-004
                   163                     9  1.019993797405733E-004
                   164                     9  7.944727120005558E-005
                   165                     9  5.653041458284036E-005
                   166                     9  3.270066783215824E-005
                   167                     9  3.051324500488408E-005
                   168                     9  1.925835584545367E-005
                   169                     9  1.795861361205216E-005
                   170                     9  1.456967400306255E-005
                   171                     9  1.029542518463112E-005
                   172                     9  8.601983821544901E-006
                   173                     9  5.881872938932568E-006
                   174                     9  5.246143280033149E-006
                   175                     9  4.468493170225835E-006
                   176                     9  4.110682366693288E-006
                   177                     9  3.913240074313765E-006
                   178                     9  3.311032510382110E-006
                   179                     9  2.512905841994513E-006
                   180                     9  1.733431638427543E-006
                   181                     9  1.506906285158498E-006
                   182                     9  1.206764801471787E-006
                   183                     9  1.037438300087807E-006
                   184                     9  6.433910166191119E-007
                   185                     9  3.886797742211030E-007
                   186                     9  3.194750793757607E-007
                   187                     9  2.111224668624821E-007
                   188                     9  1.894226270874158E-007
                   189                     9  1.288680748772362E-007
                   190                     9  9.082494325026304E-008
Chemical potential(hnc approximation)      -116.0239 kcal/mol
Chemical potential(gaussian approximation) -123.2645 kcal/mol

 Task  times  cpu:        3.1s     wall:        3.7s
 
 
                                NWChem Input Module
                                -------------------
 
 
 Summary of allocated global arrays
-----------------------------------
  No active global arrays



                         GA Statistics for process    0
                         ------------------------------

       create   destroy   get      put      acc     scatter   gather  read&inc
calls:    0        0        0        0        0        0        0        0     
number of processes/call 0.00e+00 0.00e+00 0.00e+00 0.00e+00 0.00e+00
bytes total:             0.00e+00 0.00e+00 0.00e+00 0.00e+00 0.00e+00 0.00e+00
bytes remote:            0.00e+00 0.00e+00 0.00e+00 0.00e+00 0.00e+00 0.00e+00
Max memory consumed for GA by this process: 0 bytes
 
MA_summarize_allocated_blocks: starting scan ...
MA_summarize_allocated_blocks: scan completed: 0 heap blocks, 0 stack blocks
MA usage statistics:

	allocation statistics:
					      heap	     stack
					      ----	     -----
	current number of blocks	         0	         0
	maximum number of blocks	        42	         0
	current total bytes		         0	         0
	maximum total bytes		   1677496	         0
	maximum total K-bytes		      1678	         0
	maximum total M-bytes		         2	         0
 
 
                                     CITATION
                                     --------
                Please cite the following reference when publishing
                           results obtained with NWChem:
 
                 M. Valiev, E.J. Bylaska, N. Govind, K. Kowalski,
              T.P. Straatsma, H.J.J. van Dam, D. Wang, J. Nieplocha,
                        E. Apra, T.L. Windus, W.A. de Jong
                 "NWChem: a comprehensive and scalable open-source
                  solution for large scale molecular simulations"
                      Comput. Phys. Commun. 181, 1477 (2010)
                           doi:10.1016/j.cpc.2010.04.018
 
                                      AUTHORS
                                      -------
          E. Apra, E. J. Bylaska, W. A. de Jong, N. Govind, K. Kowalski,
       T. P. Straatsma, M. Valiev, H. J. J. van Dam, D. Wang, T. L. Windus,
        J. Hammond, J. Autschbach, K. Bhaskaran-Nair, J. Brabec, K. Lopata,
       S. A. Fischer, S. Krishnamoorthy, W. Ma, M. Klemm, O. Villa, Y. Chen,
    V. Anisimov, F. Aquino, S. Hirata, M. T. Hackler, T. Risthaus, M. Malagoli,
       A. Marenich, A. Otero-de-la-Roza, J. Mullin, P. Nichols, R. Peverati,
     J. Pittner, Y. Zhao, P.-D. Fan, A. Fonari, M. Williamson, R. J. Harrison,
      M. Dupuis, D. Silverstein, D. M. A. Smith, J. Nieplocha, V. Tipparaju,
    M. Krishnan, B. E. Van Kuiken, A. Vazquez-Mayagoitia, L. Jensen, M. Swart,
      Q. Wu, T. Van Voorhis, A. A. Auer, M. Nooijen, L. D. Crosby, E. Brown,
      G. Cisneros, G. I. Fann, H. Fruchtl, J. Garza, K. Hirao, R. A. Kendall,
      J. A. Nichols, K. Tsemekhman, K. Wolinski, J. Anchell, D. E. Bernholdt,
      P. Borowski, T. Clark, D. Clerc, H. Dachsel, M. J. O. Deegan, K. Dyall,
    D. Elwood, E. Glendening, M. Gutowski, A. C. Hess, J. Jaffe, B. G. Johnson,
     J. Ju, R. Kobayashi, R. Kutteh, Z. Lin, R. Littlefield, X. Long, B. Meng,
      T. Nakajima, S. Niu, L. Pollack, M. Rosing, K. Glaesemann, G. Sandrone,
      M. Stave, H. Taylor, G. Thomas, J. H. van Lenthe, A. T. Wong, Z. Zhang.

 Total times  cpu:        3.1s     wall:        3.7s
